2013/05/02 14:15:13_2013-05-09 06:34:20 +0000:sent to target:TEST_TARGET_2013/04/28 10:23:16 key:message